// Jest Snapshot v1, https://goo.gl/fbAQLP

exports[`matches snapshot 1`] = `
Array [
  <button
    className="chakra-button css-yyz59v"
    onClick={[Function]}
    type="button"
  >
    <span
      className="chakra-button__icon css-ktvjz1"
    >
      <svg
        aria-hidden={true}
        className="chakra-icon css-onkibi"
        focusable={false}
        viewBox="0 0 24 24"
      >
        <path
          d="M0,12a1.5,1.5,0,0,0,1.5,1.5h8.75a.25.25,0,0,1,.25.25V22.5a1.5,1.5,0,0,0,3,0V13.75a.25.25,0,0,1,.25-.25H22.5a1.5,1.5,0,0,0,0-3H13.75a.25.25,0,0,1-.25-.25V1.5a1.5,1.5,0,0,0-3,0v8.75a.25.25,0,0,1-.25.25H1.5A1.5,1.5,0,0,0,0,12Z"
          fill="currentColor"
        />
      </svg>
    </span>
    Add Visiting Place
  </button>,
  <div
    className="css-12pzhok"
  >
    <div
      className="css-h2utk6"
    >
      <h2
        className="chakra-heading css-1h40200"
      >
        Visiting Places
      </h2>
      <div
        className="css-gmuwbf"
      >
        <div
          className="css-1ws0jr4"
        >
          <div
            className="chakra-input__group css-4302v8"
          >
            <div
              className="chakra-input__right-element css-a6fysx"
            >
              <button
                aria-label="Search database"
                className="chakra-button css-1kgd4fd"
                type="button"
              >
                <svg
                  aria-hidden={true}
                  className="chakra-icon css-onkibi"
                  focusable={false}
                  viewBox="0 0 24 24"
                >
                  <path
                    d="M23.384,21.619,16.855,15.09a9.284,9.284,0,1,0-1.768,1.768l6.529,6.529a1.266,1.266,0,0,0,1.768,0A1.251,1.251,0,0,0,23.384,21.619ZM2.75,9.5a6.75,6.75,0,1,1,6.75,6.75A6.758,6.758,0,0,1,2.75,9.5Z"
                    fill="currentColor"
                  />
                </svg>
              </button>
            </div>
            <input
              className="chakra-input css-0"
              name="search"
              onBlur={[Function]}
              onChange={[Function]}
              onFocus={[Function]}
              placeholder="Search visiting place..."
              value=""
            />
          </div>
        </div>
      </div>
      <div
        className="css-1r2pvtm"
      >
        <p
          className="chakra-text css-1oipleq"
        >
          No visiting places
        </p>
      </div>
    </div>
  </div>,
]
`;
